
2026-03-04 20:56:32 [INFO] Transaction démarrée
2026-03-04 21:01:44 [INFO] Transaction démarrée
2026-03-04 21:20:32 [INFO] Remboursement effectué
2026-03-04 21:20:41 [INFO] Remboursement effectué
2026-03-04 21:22:24 [INFO] Remboursement effectué
2026-03-04 21:24:34 [INFO] Remboursement effectué
2026-03-04 21:24:45 [INFO] Remboursement effectué
2026-03-04 21:34:26 [INFO] Remboursement effectué
2026-03-04 21:34:32 [INFO] Remboursement effectué
2026-03-04 21:35:32 [INFO] Remboursement effectué
2026-03-04 21:40:17 [INFO] Remboursement effectué
2026-03-04 21:43:58 [INFO] Remboursement effectué
2026-03-04 21:44:55 [INFO] Remboursement effectué
2026-03-04 22:43:25 [INFO] Décaissement mis à jour
2026-03-04 22:43:25 [INFO] Mise à jour échéancier réussie
2026-03-04 22:43:37 [INFO] Décaissement mis à jour
2026-03-04 22:43:37 [INFO] Mise à jour échéancier réussie
2026-03-04 22:43:47 [INFO] Décaissement mis à jour
2026-03-04 22:43:47 [INFO] Mise à jour échéancier réussie
2026-03-04 22:43:51 [INFO] Décaissement mis à jour
2026-03-04 22:43:51 [INFO] Mise à jour échéancier réussie
2026-03-04 22:43:56 [INFO] Décaissement mis à jour
2026-03-04 22:43:56 [INFO] Mise à jour échéancier réussie
2026-03-04 22:44:43 [INFO] Décaissement mis à jour
2026-03-04 22:44:43 [INFO] Mise à jour échéancier réussie
2026-03-04 22:44:52 [INFO] Décaissement mis à jour
2026-03-04 22:44:52 [INFO] Mise à jour échéancier réussie
2026-03-04 22:45:00 [INFO] Décaissement mis à jour
2026-03-04 22:45:00 [INFO] Mise à jour échéancier réussie
2026-03-04 22:45:05 [INFO] Décaissement mis à jour
2026-03-04 22:45:05 [INFO] Mise à jour échéancier réussie
2026-03-04 22:45:44 [INFO] Décaissement mis à jour
2026-03-04 22:45:44 [INFO] Mise à jour échéancier réussie
2026-03-04 23:33:38 [INFO] Décaissement mis à jour
2026-03-04 23:33:38 [INFO] Mise à jour échéancier réussie
2026-03-04 23:33:44 [INFO] Décaissement mis à jour
2026-03-04 23:33:44 [INFO] Mise à jour échéancier réussie
2026-03-05 06:54:38 [INFO] Décaissement mis à jour
2026-03-05 06:54:38 [INFO] Mise à jour échéancier réussie
2026-03-05 06:57:32 [INFO] Décaissement mis à jour
2026-03-05 06:57:32 [INFO] Mise à jour échéancier réussie
2026-03-05 07:00:03 [INFO] Décaissement mis à jour
2026-03-05 07:00:03 [INFO] Mise à jour échéancier réussie
2026-03-07 22:57:26 [ERROR] Erreur mise à jour échéancier la relation « remboursementmobilemoney » n'existe pas
2026-03-07 22:59:45 [ERROR] Erreur mise à jour échéancier la relation « remboursementmobilemoney » n'existe pas
2026-03-07 23:05:04 [ERROR] Erreur mise à jour échéancier la relation « remboursementmobilemoney » n'existe pas
2026-03-07 23:06:51 [ERROR] Erreur mise à jour échéancier la relation « remboursementmobilemoney » n'existe pas
2026-03-08 06:29:42 [ERROR] Erreur mise à jour échéancier la relation « remboursementmobilemoney » n'existe pas
2026-03-08 06:34:43 [INFO] Mise à jour échéancier réussie
2026-05-17 15:13:43 [INFO] Décaissement mis à jour
2026-05-17 15:13:43 [INFO] Mise à jour échéancier réussie
2026-05-17 15:13:48 [INFO] Décaissement mis à jour
2026-05-17 15:13:48 [INFO] Mise à jour échéancier réussie
2026-05-17 15:13:56 [INFO] Décaissement mis à jour
2026-05-17 15:13:56 [INFO] Mise à jour échéancier réussie
2026-05-17 15:15:44 [INFO] Décaissement mis à jour
2026-05-17 15:15:44 [INFO] Mise à jour échéancier réussie
2026-05-17 15:15:49 [INFO] Décaissement mis à jour
2026-05-17 15:15:49 [INFO] Mise à jour échéancier réussie
2026-05-17 22:41:00 [INFO] Décaissement mis à jour
2026-05-17 22:41:00 [INFO] Mise à jour échéancier réussie
2026-05-17 22:41:06 [INFO] Décaissement mis à jour
2026-05-17 22:41:06 [INFO] Mise à jour échéancier réussie
2026-05-17 22:52:26 [INFO] Décaissement mis à jour
2026-05-17 22:52:26 [INFO] Mise à jour échéancier réussie
2026-05-17 23:24:45 [INFO] Décaissement mis à jour
2026-05-17 23:24:45 [INFO] Mise à jour échéancier réussie
2026-05-17 23:28:24 [INFO] Décaissement mis à jour
2026-05-17 23:28:24 [INFO] Mise à jour échéancier réussie
2026-05-18 06:29:36 [INFO] Décaissement mis à jour
2026-05-18 06:29:36 [INFO] Mise à jour échéancier réussie
2026-05-18 06:29:39 [INFO] Décaissement mis à jour
2026-05-18 06:29:39 [INFO] Mise à jour échéancier réussie
2026-05-18 06:29:43 [INFO] Décaissement mis à jour
2026-05-18 06:29:43 [INFO] Mise à jour échéancier réussie
2026-07-07 06:20:17 [ERROR] Échec de la transaction remboursement : la colonne « comptedebit » de la relation « remboursement » n'existe pas
2026-07-07 06:20:59 [ERROR] Échec de la transaction remboursement : la colonne « comptedebit » de la relation « remboursement » n'existe pas
2026-07-07 06:31:37 [ERROR] Échec de la transaction remboursement : la colonne « comptedebit » de la relation « remboursement » n'existe pas
2026-07-07 06:32:02 [ERROR] Échec de la transaction remboursement : la colonne « comptedebit » de la relation « remboursement » n'existe pas
2026-07-07 06:38:24 [INFO] Décaissement mis à jour
2026-07-07 06:38:24 [INFO] Mise à jour échéancier réussie
2026-07-07 06:40:46 [INFO] Décaissement mis à jour
2026-07-07 06:40:46 [INFO] Mise à jour échéancier réussie
2026-07-09 20:12:59 [INFO] Décaissement mis à jour
2026-07-09 20:12:59 [INFO] Mise à jour échéancier réussie
2026-07-09 20:13:10 [INFO] Décaissement mis à jour
2026-07-09 20:13:10 [INFO] Mise à jour échéancier réussie
2026-07-09 20:13:25 [INFO] Décaissement mis à jour
2026-07-09 20:13:25 [INFO] Mise à jour échéancier réussie
2026-07-09 20:21:25 [INFO] Décaissement mis à jour
2026-07-09 20:21:25 [INFO] Mise à jour échéancier réussie
2026-07-09 20:28:48 [INFO] Décaissement mis à jour
2026-07-09 20:28:48 [INFO] Mise à jour échéancier réussie
2026-07-09 20:30:12 [INFO] Décaissement mis à jour
2026-07-09 20:30:12 [INFO] Mise à jour échéancier réussie
2026-07-09 21:11:42 [INFO] Mise à jour échéancier réussie
2026-07-09 21:20:04 [INFO] Décaissement mis à jour
2026-07-09 21:20:04 [INFO] Mise à jour échéancier réussie
2026-07-09 21:20:04 [INFO] Mise à jour Mobile Money réussie
2026-07-09 21:22:20 [INFO] Décaissement mis à jour
2026-07-09 21:22:20 [INFO] Mise à jour échéancier réussie
2026-07-09 21:22:20 [INFO] Mise à jour Mobile Money réussie
2026-07-09 21:28:46 [INFO] Décaissement mis à jour
2026-07-09 21:28:46 [INFO] Mise à jour échéancier réussie
2026-07-09 21:28:46 [INFO] Mise à jour Mobile Money réussie
2026-07-11 06:15:32 [INFO] Décaissement mis à jour
2026-07-11 06:15:32 [INFO] Mise à jour échéancier réussie
2026-07-11 12:38:40 [INFO] Décaissement mis à jour
2026-07-11 12:38:40 [INFO] Mise à jour échéancier réussie
2026-07-11 12:39:02 [INFO] Décaissement mis à jour
2026-07-11 12:39:03 [INFO] Mise à jour échéancier réussie
2026-07-11 12:41:50 [INFO] Décaissement mis à jour
2026-07-11 12:41:51 [INFO] Mise à jour échéancier réussie
2026-07-11 12:45:47 [INFO] Décaissement mis à jour
2026-07-11 12:45:47 [INFO] Mise à jour échéancier réussie
2026-07-11 12:45:50 [INFO] Décaissement mis à jour
2026-07-11 12:45:50 [INFO] Mise à jour échéancier réussie
2026-07-11 12:45:52 [INFO] Décaissement mis à jour
2026-07-11 12:45:52 [INFO] Mise à jour échéancier réussie
2026-07-11 12:48:53 [INFO] Décaissement mis à jour
2026-07-11 12:48:53 [INFO] Mise à jour échéancier réussie
2026-07-11 12:48:57 [INFO] Décaissement mis à jour
2026-07-11 12:48:57 [INFO] Mise à jour échéancier réussie
2026-07-11 12:49:12 [INFO] Décaissement mis à jour
2026-07-11 12:49:12 [INFO] Mise à jour échéancier réussie
2026-07-11 12:49:14 [INFO] Décaissement mis à jour
2026-07-11 12:49:14 [INFO] Mise à jour échéancier réussie
2026-07-11 12:50:24 [INFO] Décaissement mis à jour
2026-07-11 12:50:24 [INFO] Mise à jour échéancier réussie
2026-07-11 12:50:37 [INFO] Décaissement mis à jour
2026-07-11 12:50:37 [INFO] Mise à jour échéancier réussie
2026-07-11 12:50:41 [INFO] Décaissement mis à jour
2026-07-11 12:50:41 [INFO] Mise à jour échéancier réussie
2026-07-11 12:50:44 [INFO] Décaissement mis à jour
2026-07-11 12:50:44 [INFO] Mise à jour échéancier réussie
2026-07-11 12:53:51 [INFO] Décaissement mis à jour
2026-07-11 12:53:51 [INFO] Mise à jour échéancier réussie
2026-07-11 12:53:54 [INFO] Décaissement mis à jour
2026-07-11 12:53:54 [INFO] Mise à jour échéancier réussie
2026-07-11 12:53:56 [INFO] Décaissement mis à jour
2026-07-11 12:53:56 [INFO] Mise à jour échéancier réussie
2026-07-11 12:53:58 [INFO] Décaissement mis à jour
2026-07-11 12:53:58 [INFO] Mise à jour échéancier réussie
2026-07-11 13:26:58 [INFO] Décaissement mis à jour
2026-07-11 13:26:58 [INFO] Mise à jour échéancier réussie
2026-07-11 13:30:22 [INFO] Décaissement mis à jour
2026-07-11 13:30:22 [INFO] Mise à jour échéancier réussie
2026-07-11 13:35:44 [INFO] Décaissement mis à jour
2026-07-11 13:35:44 [INFO] Mise à jour échéancier réussie
2026-07-11 13:35:47 [INFO] Décaissement mis à jour
2026-07-11 13:35:47 [INFO] Mise à jour échéancier réussie
2026-07-11 13:35:56 [INFO] Décaissement mis à jour
2026-07-11 13:35:56 [INFO] Mise à jour échéancier réussie
2026-07-11 13:35:59 [INFO] Décaissement mis à jour
2026-07-11 13:35:59 [INFO] Mise à jour échéancier réussie
2026-07-11 13:36:11 [INFO] Décaissement mis à jour
2026-07-11 13:36:11 [INFO] Mise à jour échéancier réussie
2026-07-11 13:36:13 [INFO] Décaissement mis à jour
2026-07-11 13:36:13 [INFO] Mise à jour échéancier réussie
2026-07-11 13:36:29 [INFO] Décaissement mis à jour
2026-07-11 13:36:29 [INFO] Mise à jour échéancier réussie
2026-07-11 13:36:48 [INFO] Décaissement mis à jour
2026-07-11 13:36:48 [INFO] Mise à jour échéancier réussie
2026-07-11 13:36:50 [INFO] Décaissement mis à jour
2026-07-11 13:36:50 [INFO] Mise à jour échéancier réussie
2026-07-11 13:36:52 [INFO] Décaissement mis à jour
2026-07-11 13:36:52 [INFO] Mise à jour échéancier réussie
2026-07-11 14:02:01 [INFO] Décaissement mis à jour
2026-07-11 14:02:01 [INFO] Mise à jour échéancier réussie
2026-07-11 14:02:04 [INFO] Décaissement mis à jour
2026-07-11 14:02:04 [INFO] Mise à jour échéancier réussie
2026-07-11 14:02:07 [INFO] Décaissement mis à jour
2026-07-11 14:02:07 [INFO] Mise à jour échéancier réussie
2026-07-11 14:02:20 [INFO] Décaissement mis à jour
2026-07-11 14:02:20 [INFO] Mise à jour échéancier réussie
2026-07-11 14:02:22 [INFO] Décaissement mis à jour
2026-07-11 14:02:22 [INFO] Mise à jour échéancier réussie
2026-07-11 14:02:24 [INFO] Décaissement mis à jour
2026-07-11 14:02:24 [INFO] Mise à jour échéancier réussie
2026-07-11 14:05:45 [INFO] Décaissement mis à jour
2026-07-11 14:05:45 [INFO] Mise à jour échéancier réussie
2026-07-11 14:05:48 [INFO] Décaissement mis à jour
2026-07-11 14:05:48 [INFO] Mise à jour échéancier réussie
2026-07-11 14:05:51 [INFO] Décaissement mis à jour
2026-07-11 14:05:51 [INFO] Mise à jour échéancier réussie
2026-07-11 14:05:54 [INFO] Décaissement mis à jour
2026-07-11 14:05:54 [INFO] Mise à jour échéancier réussie
2026-07-11 14:06:01 [INFO] Décaissement mis à jour
2026-07-11 14:06:01 [INFO] Mise à jour échéancier réussie
2026-07-11 14:06:03 [INFO] Décaissement mis à jour
2026-07-11 14:06:03 [INFO] Mise à jour échéancier réussie
2026-07-11 14:06:05 [INFO] Décaissement mis à jour
2026-07-11 14:06:05 [INFO] Mise à jour échéancier réussie
2026-07-11 14:06:07 [INFO] Décaissement mis à jour
2026-07-11 14:06:07 [INFO] Mise à jour échéancier réussie
2026-07-11 14:19:32 [INFO] Décaissement mis à jour
2026-07-11 14:19:32 [INFO] Mise à jour échéancier réussie
2026-07-11 14:19:35 [INFO] Décaissement mis à jour
2026-07-11 14:19:35 [INFO] Mise à jour échéancier réussie
2026-07-11 14:19:38 [INFO] Décaissement mis à jour
2026-07-11 14:19:38 [INFO] Mise à jour échéancier réussie
2026-07-11 14:20:52 [INFO] Décaissement mis à jour
2026-07-11 14:20:52 [INFO] Mise à jour échéancier réussie
2026-07-11 14:20:59 [INFO] Décaissement mis à jour
2026-07-11 14:20:59 [INFO] Mise à jour échéancier réussie
2026-07-11 14:21:01 [INFO] Décaissement mis à jour
2026-07-11 14:21:01 [INFO] Mise à jour échéancier réussie
2026-07-11 14:22:45 [INFO] Décaissement mis à jour
2026-07-11 14:22:45 [INFO] Mise à jour échéancier réussie
2026-07-11 14:24:42 [INFO] Décaissement mis à jour
2026-07-11 14:24:42 [INFO] Mise à jour échéancier réussie
2026-07-11 14:24:45 [INFO] Décaissement mis à jour
2026-07-11 14:24:45 [INFO] Mise à jour échéancier réussie
2026-07-11 14:24:53 [INFO] Décaissement mis à jour
2026-07-11 14:24:53 [INFO] Mise à jour échéancier réussie
2026-07-11 14:24:55 [INFO] Décaissement mis à jour
2026-07-11 14:24:55 [INFO] Mise à jour échéancier réussie
2026-07-11 14:24:57 [INFO] Décaissement mis à jour
2026-07-11 14:24:57 [INFO] Mise à jour échéancier réussie
2026-07-11 14:32:17 [INFO] Décaissement mis à jour
2026-07-11 14:32:17 [INFO] Mise à jour échéancier réussie
2026-07-11 14:32:20 [INFO] Décaissement mis à jour
2026-07-11 14:32:20 [INFO] Mise à jour échéancier réussie
2026-07-11 14:32:37 [INFO] Décaissement mis à jour
2026-07-11 14:32:37 [INFO] Mise à jour échéancier réussie
2026-07-11 14:32:39 [INFO] Décaissement mis à jour
2026-07-11 14:32:39 [INFO] Mise à jour échéancier réussie
2026-07-11 14:33:30 [INFO] Décaissement mis à jour
2026-07-11 14:33:30 [INFO] Mise à jour échéancier réussie
2026-07-11 14:33:34 [INFO] Décaissement mis à jour
2026-07-11 14:33:34 [INFO] Mise à jour échéancier réussie
2026-07-11 14:33:37 [INFO] Décaissement mis à jour
2026-07-11 14:33:37 [INFO] Mise à jour échéancier réussie
2026-07-11 14:33:41 [INFO] Décaissement mis à jour
2026-07-11 14:33:41 [INFO] Mise à jour échéancier réussie
2026-07-11 14:33:56 [INFO] Décaissement mis à jour
2026-07-11 14:33:56 [INFO] Mise à jour échéancier réussie
2026-07-11 14:33:58 [INFO] Décaissement mis à jour
2026-07-11 14:33:58 [INFO] Mise à jour échéancier réussie
2026-07-11 14:34:01 [INFO] Décaissement mis à jour
2026-07-11 14:34:01 [INFO] Mise à jour échéancier réussie
2026-07-11 14:34:03 [INFO] Décaissement mis à jour
2026-07-11 14:34:03 [INFO] Mise à jour échéancier réussie
2026-07-11 14:41:48 [INFO] Décaissement mis à jour
2026-07-11 14:41:49 [INFO] Mise à jour échéancier réussie
2026-07-11 14:44:08 [INFO] Décaissement mis à jour
2026-07-11 14:44:08 [INFO] Mise à jour échéancier réussie
2026-07-11 14:44:40 [INFO] Décaissement mis à jour
2026-07-11 14:44:40 [INFO] Mise à jour échéancier réussie
2026-07-11 14:44:43 [INFO] Décaissement mis à jour
2026-07-11 14:44:43 [INFO] Mise à jour échéancier réussie
2026-07-11 14:44:50 [INFO] Décaissement mis à jour
2026-07-11 14:44:50 [INFO] Mise à jour échéancier réussie
2026-07-11 14:45:00 [INFO] Décaissement mis à jour
2026-07-11 14:45:00 [INFO] Mise à jour échéancier réussie
